<html>
<body>
<pre>
<h1>µVision Build Log</h1>
<h2>Project:</h2>
C:\Users\hylysly\Documents\GitHub\EE445L\Lab 01\Lab1.uvproj
Project File Date:  09/04/2014

<h2>Output:</h2>
Rebuild target 'Lab1'
assembling startup.s...
compiling PLL.c...
compiling ST7735.c...
compiling fixed.c...
compiling Lab1.c...
Lab1.c(470): warning:  #177-D: variable "j" was declared but never referenced
    uint32_t j;
Lab1.c: 1 warning, 0 errors
linking...
Program Size: Code=3628 RO-data=2052 RW-data=48 ZI-data=1024  
".\Lab1.axf" - 0 Error(s), 1 Warning(s).
Load "C:\\Users\\hylysly\\Documents\\GitHub\\EE445L\\Lab 01\\Lab1.axf" 
Connecting: Mode=JTAG, Speed=1000000Hz
Erase Done.
Programming Done.
Verify OK.

Programming Done.
Verify OK.
